
 Start  Stop   Length Name               Class

 00000H 0063CH 0063DH _TEXT              CODE
 0063DH 00677H 0003BH IOERROR_TEXT       CODE
 00678H 006ABH 00034H EXIT_TEXT          CODE
 006ACH 006ACH 00000H STKLEN_TEXT        CODE
 006ACH 006DAH 0002FH ATEXIT_TEXT        CODE
 006DBH 009EAH 00310H FMALLOC_TEXT       CODE
 009EBH 00B3CH 00152H FBRK_TEXT          CODE
 00B3DH 00B5CH 00020H SETBLOCK_TEXT      CODE
 00B5DH 00B5DH 00000H CTYPE_TEXT         CODE
 00B5DH 00CFCH 001A0H OPEN_TEXT          CODE
 00CFDH 00D49H 0004DH OPENA_TEXT         CODE
 00D4AH 00D4AH 00000H FILES_TEXT         CODE
 00D4AH 00D4AH 00000H FILES2_TEXT        CODE
 00D4AH 00D4AH 00000H FMODE_TEXT         CODE
 00D4AH 00E96H 0014DH FSEEK_TEXT         CODE
 00E97H 00EC3H 0002DH IOCTL_TEXT         CODE
 00EC4H 00EDBH 00018H ISATTY_TEXT        CODE
 00EDCH 0101DH 00142H SETVBUF_TEXT       CODE
 0101EH 0104EH 00031H CLOSE_TEXT         CODE
 0104FH 01074H 00026H CLOSEA_TEXT        CODE
 01075H 010AEH 0003AH XFFLUSH_TEXT       CODE
 010AFH 01173H 000C5H READ_TEXT          CODE
 01174H 01193H 00020H READA_TEXT         CODE
 01194H 012F9H 00166H WRITE_TEXT         CODE
 012FAH 01345H 0004CH WRITEA_TEXT        CODE
 01346H 01372H 0002DH LSEEK_TEXT         CODE
 01373H 0146EH 000FCH LTOA_TEXT          CODE
 0146FH 01489H 0001BH STRLEN_TEXT        CODE
 0148AH 014B2H 00029H STRCPY_TEXT        CODE
 014B3H 014D8H 00026H MEMCPY_TEXT        CODE
 014D9H 0151DH 00045H MEMSET_TEXT        CODE
 0151EH 0153EH 00021H CHMODA_TEXT        CODE
 0153FH 015AEH 00070H EOF_TEXT           CODE
 015AFH 01696H 000E8H FFLUSH_TEXT        CODE
 01697H 016BAH 00024H PRINTF_TEXT        CODE
 016BBH 01985H 002CBH PUTC_TEXT          CODE
 01986H 01ED7H 00552H VPRINTER_TEXT      CODE
 01ED8H 01EDFH 00008H CORELEFT_TEXT      CODE
 01EE0H 01EFCH 0001DH FCORELFT_TEXT      CODE
 01EFDH 02220H 00324H FFREE_TEXT         CODE
 02221H 02245H 00025H FPRINTF_TEXT       CODE
 02246H 023ACH 00167H CPRINTF_TEXT       CODE
 023ADH 0240AH 0005EH GETCH_TEXT         CODE
 0240BH 02912H 00508H SCANNER_TEXT       CODE
 02913H 02AE4H 001D2H SCANTOL_TEXT       CODE
 02AE5H 02B71H 0008DH SSCANF_TEXT        CODE
 02B72H 02BFBH 0008AH ATOL_TEXT          CODE
 02BFCH 02C27H 0002CH GETDATE_TEXT       CODE
 02C28H 02CBCH 00095H GPTEXT_TEXT        CODE
 02CBDH 02CD4H 00018H INPORT_TEXT        CODE
 02CD5H 02D79H 000A5H INTR_TEXT          CODE
 02D7AH 02E25H 000ACH MOVETEXT_TEXT      CODE
 02E26H 02E3DH 00018H OUTPORT_TEXT       CODE
 02E3EH 02E56H 00019H PUTCH_TEXT         CODE
 02E57H 02E8FH 00039H RAND_TEXT          CODE
 02E90H 0302FH 001A0H SCROLL_TEXT        CODE
 03030H 03200H 001D1H SCREEN_TEXT        CODE
 03201H 0322AH 0002AH SETDATE_TEXT       CODE
 0322BH 03296H 0006CH SETJMP_TEXT        CODE
 03297H 0331CH 00086H SPRINTF_TEXT       CODE
 0331DH 0335FH 00043H STRICMP_TEXT       CODE
 03360H 03378H 00019H TELL_TEXT          CODE
 03379H 03419H 000A1H VRAM_TEXT          CODE
 0341AH 0344FH 00036H WHEREXY_TEXT       CODE
 03450H 046C0H 01271H WINDOW_TEXT        CODE
 046C1H 04D2EH 0066EH INIT_TEXT          CODE
 04D2FH 0659CH 0186EH TASK_TEXT          CODE
 0659DH 06785H 001E9H EVENT_TEXT         CODE
 06786H 07A28H 012A3H IRQ_TEXT           CODE
 07A29H 081A1H 00779H TIMER_TEXT         CODE
 081A2H 086C1H 00520H MESSAGE_TEXT       CODE
 086C2H 0891DH 0025CH ONEXIT_TEXT        CODE
 0891EH 089B6H 00099H OS_VER_TEXT        CODE
 089B7H 08F0AH 00554H MM_SVC_TEXT        CODE
 08F0BH 0904DH 00143H KBD_TEXT           CODE
 0904EH 0A8F8H 018ABH TOOL_TEXT          CODE
 0A8F9H 0B027H 0072FH XMS_TEXT           CODE
 0B028H 0B6F0H 006C9H GDI_TEXT           CODE
 0B6F1H 0C1DCH 00AECH VESA_TEXT          CODE
 0C1DDH 0CBA6H 009CAH GDC_TEXT           CODE
 0CBA7H 0DD7AH 011D4H FONT_TEXT          CODE
 0DD7BH 0E304H 0058AH BMP_TEXT           CODE
 0E305H 0E5D9H 002D5H POOL_TEXT          CODE
 0E5DAH 0FA6FH 01496H WIDGET_TEXT        CODE
 0FA70H 0FF4FH 004E0H COMMON_TEXT        CODE
 0FF50H 1032EH 003DFH USR_WID_TEXT       CODE
 1032FH 10BE8H 008BAH SYS_MNTR_TEXT      CODE
 10BE9H 11060H 00478H DASHED_TEXT        CODE
 11061H 114A1H 00441H GROUPBOX_TEXT      CODE
 114A2H 11C03H 00762H FORM_TEXT          CODE
 11C04H 12161H 0055EH LABEL_TEXT         CODE
 12162H 133E2H 01281H EDIT_TEXT          CODE
 133E3H 13A0BH 00629H BUTTON_TEXT        CODE
 13A0CH 140DAH 006CFH PROGRESS_TEXT      CODE
 140DBH 144CAH 003F0H PICTURE_TEXT       CODE
 144CBH 168DEH 02414H VIEW_TEXT          CODE
 168DFH 16A9EH 001C0H DESKTOP_TEXT       CODE
 16A9FH 17A23H 00F85H DLG_INPT_TEXT      CODE
 17A24H 17CB2H 0028FH GUI_SVC_TEXT       CODE
 17CB3H 17E2CH 0017AH GUI_TEXT           CODE
 17E2DH 18840H 00A14H KEYSVC_TEXT        CODE
 18841H 18A11H 001D1H CONSOLE_TEXT       CODE
 18A12H 18B33H 00122H START_TEXT         CODE
 18B34H 18DE2H 002AFH PRELOAD_TEXT       CODE
 18DE3H 1B382H 025A0H MAIN_TEXT          CODE
 1B383H 1BCEDH 0096BH STATUS_TEXT        CODE
 1BCEEH 1BFD0H 002E3H LANGUAGE_TEXT      CODE
 1BFD1H 1CC7CH 00CACH ORD_EDIT_TEXT      CODE
 1CC7DH 1E38AH 0170EH ORDER_TEXT         CODE
 1E38BH 1E538H 001AEH CONFIG_TEXT        CODE
 1E539H 1E601H 000C9H TMP_CFG_TEXT       CODE
 1E602H 1EC02H 00601H KEYCMD_TEXT        CODE
 1EC03H 205D2H 019D0H SETUP_TEXT         CODE
 205D3H 217ECH 0121AH SETUP_SU_TEXT      CODE
 217EDH 21EFCH 00710H SETUP_DR_TEXT      CODE
 21EFDH 22397H 0049BH WELCOME_TEXT       CODE
 22398H 2272AH 00393H PASSWD_TEXT        CODE
 2272BH 22C0FH 004E5H YES_NO_TEXT        CODE
 22C10H 237B7H 00BA8H REG_CORE_TEXT      CODE
 237B8H 239BEH 00207H R_MACHID_TEXT      CODE
 239BFH 23E26H 00468H ADD_SUB_TEXT       CODE
 23E27H 23E40H 0001AH VERSION_TEXT       CODE
 23E41H 24BDEH 00D9EH CUT_REG_TEXT       CODE
 24BDFH 24DC0H 001E2H SHOW_PLT_TEXT      CODE
 24DD0H 2C037H 07268H _DATA              DATA
 2C038H 2C03BH 00004H _EMUSEG            DATA
 2C03CH 2C03DH 00002H _CRTSEG            DATA
 2C03EH 2C041H 00004H _CVTSEG            DATA
 2C042H 2C04DH 0000CH _SCNSEG            DATA
 2C04EH 2DEE3H 01E96H _BSS               BSS
 2DEE4H 2DEE4H 00000H _BSSEND            STACK
 2DEF0H 2DFD5H 000E6H _STACK             STACK

Program entry point at 0000:0000

